   Compiling libc v0.2.189
   Compiling syn v3.0.4
   Compiling syn v2.0.119
   Compiling serde_core v1.0.229
   Compiling serde_derive v1.0.229
   Compiling jobserver v0.1.35
   Compiling cc v1.4.4
   Compiling stable_deref_trait v1.2.1
   Compiling synstructure v0.13.2
   Compiling serde v1.0.229
   Compiling memchr v2.8.3
   Compiling libm v0.2.16
   Compiling zerofrom-derive v0.1.7
   Compiling num-traits v0.2.19
   Compiling getrandom v0.2.17
   Compiling zerocopy v0.8.56
   Compiling log v0.4.34
   Compiling zerofrom v0.1.8
   Compiling yoke-derive v0.8.2
   Compiling yoke v0.8.3
   Compiling zerovec-derive v0.11.6
   Compiling zerovec v0.11.8
   Compiling displaydoc v0.2.7
   Compiling bitflags v2.13.1
   Compiling crossbeam-utils v0.8.22
   Compiling parking_lot_core v0.9.12
   Compiling tinystr v0.8.4
   Compiling mio v1.2.2
   Compiling ppv-lite86 v0.2.21
   Compiling rand_core v0.6.4
   Compiling errno v0.3.14
   Compiling icu_locale_core v2.3.0
   Compiling signal-hook-registry v1.4.8
   Compiling rand_chacha v0.3.1
   Compiling parking_lot v0.12.5
   Compiling zerotrie v0.2.5
   Compiling potential_utf v0.1.6
   Compiling zstd-sys v2.0.16+zstd.1.5.7
   Compiling tracing-core v0.1.36
   Compiling ring v0.17.14
   Compiling tokio-macros v2.7.2
   Compiling socket2 v0.6.5
   Compiling futures-sink v0.3.34
   Compiling icu_collections v2.3.0
   Compiling tokio v1.53.1
   Compiling icu_provider v2.3.1
   Compiling rand v0.8.7
   Compiling deranged v0.5.8
   Compiling num-conv v0.2.2
   Compiling crunchy v0.2.4
   Compiling crossbeam-epoch v0.9.20
   Compiling serde_json v1.0.151
   Compiling time-core v0.1.9
   Compiling powerfmt v0.2.0
   Compiling time v0.3.55
   Compiling rand_distr v0.4.3
   Compiling aho-corasick v1.1.5
   Compiling tracing-attributes v0.1.31
   Compiling untrusted v0.9.0
   Compiling crossbeam-deque v0.8.7
   Compiling zstd-safe v7.2.4
   Compiling futures-task v0.3.34
   Compiling bytemuck v1.25.2
   Compiling slab v0.4.12
   Compiling paste v1.0.15
   Compiling byteorder v1.5.0
   Compiling version_check v0.9.5
   Compiling futures-io v0.3.34
   Compiling futures-util v0.3.34
   Compiling ahash v0.8.12
   Compiling safe_arch v0.7.4
   Compiling tracing v0.1.44
   Compiling regex-automata v0.4.18
   Compiling icu_properties v2.3.0
   Compiling icu_normalizer v2.3.0
   Compiling matrixmultiply v0.3.11
   Compiling ownedbytes v0.7.0
   Compiling async-trait v0.1.92
   Compiling rayon-core v1.13.0
   Compiling either v1.18.0
   Compiling rustls v0.23.43
   Compiling option-ext v0.2.0
   Compiling tantivy-common v0.7.0
   Compiling bitpacking v0.9.3
   Compiling idna_adapter v1.2.2
   Compiling rustls-webpki v0.103.15
   Compiling wide v0.7.33
   Compiling futures-channel v0.3.34
   Compiling num-integer v0.1.47
   Compiling num-complex v0.4.6
   Compiling approx v0.5.1
   Compiling instant v0.1.13
   Compiling unicode-width v0.2.2
   Compiling rustversion v1.0.23
   Compiling rawpointer v0.2.1
   Compiling cfg_aliases v0.2.2
   Compiling rustix v1.1.4
   Compiling subtle v2.6.1
   Compiling utf8-ranges v1.0.5
   Compiling rustix v0.38.44
   Compiling inotify-sys v0.1.8
   Compiling libsqlite3-sys v0.30.1
   Compiling tantivy-fst v0.5.0
   Compiling hyper v1.11.0
   Compiling nix v0.31.3
   Compiling simba v0.8.1
   Compiling num-rational v0.4.2
   Compiling idna v1.1.0
   Compiling zstd v0.13.3
   Compiling tantivy-bitpacker v0.6.0
   Compiling getrandom v0.4.3
   Compiling nalgebra-macros v0.2.2
   Compiling proc-macro-error-attr2 v2.0.0
   Compiling minimal-lexical v0.2.1
   Compiling foldhash v0.1.5
   Compiling allocator-api2 v0.2.21
   Compiling lazy_static v1.5.0
   Compiling murmurhash32 v0.3.1
   Compiling linux-raw-sys v0.12.1
   Compiling thiserror v2.0.20
   Compiling linux-raw-sys v0.4.15
   Compiling typenum v1.20.1
   Compiling crc32fast v1.5.1
   Compiling nalgebra v0.32.6
   Compiling tantivy-stacker v0.3.0
   Compiling tower v0.5.3
   Compiling sharded-slab v0.1.7
   Compiling hyper-util v0.1.20
   Compiling hashbrown v0.15.5
   Compiling nom v7.1.3
   Compiling proc-macro-error2 v2.0.1
   Compiling rayon v1.12.0
   Compiling tantivy-sstable v0.3.0
   Compiling url v2.5.8
   Compiling hashbrown v0.14.5
   Compiling tokio-rustls v0.26.4
   Compiling dirs-sys v0.5.0
   Compiling clap_derive v4.6.4
   Compiling itertools v0.12.1
   Compiling matchers v0.2.0
   Compiling webpki-roots v1.0.9
   Compiling tracing-serde v0.2.0
   Compiling tracing-log v0.2.0
   Compiling crossbeam-channel v0.5.16
   Compiling toml_datetime v0.6.11
   Compiling serde_spanned v0.6.9
   Compiling thiserror-impl v1.0.69
   Compiling thiserror-impl v2.0.20
   Compiling thread_local v1.1.10
   Compiling nu-ansi-term v0.50.3
   Compiling bytecount v0.6.9
   Compiling bitflags v1.3.2
   Compiling fastdivide v0.4.2
   Compiling winnow v0.7.15
   Compiling toml_write v0.1.2
   Compiling same-file v1.0.6
   Compiling downcast-rs v1.2.1
   Compiling fastrand v2.5.0
   Compiling tempfile v3.27.0
   Compiling tantivy-columnar v0.3.0
   Compiling walkdir v2.5.0
   Compiling toml_edit v0.22.27
   Compiling inotify v0.10.2
   Compiling papergrid v0.18.0
   Compiling tracing-subscriber v0.3.23
   Compiling thiserror v1.0.69
   Compiling hyper-rustls v0.27.9
   Compiling clap v4.6.6
   Compiling dirs v6.0.0
   Compiling arc-swap v1.9.2
   Compiling hashlink v0.9.1
   Compiling tower-http v0.6.11
   Compiling tabled_derive v0.11.0
   Compiling tantivy-query-grammar v0.22.0
   Compiling lru v0.12.5
   Compiling statrs v0.17.1
   Compiling fs4 v0.8.4
   Compiling serde_urlencoded v0.7.1
   Compiling uuid v1.25.0
   Compiling testing_table v0.3.0
   Compiling notify-types v1.0.1
   Compiling measure_time v0.8.3
   Compiling dirs-sys v0.4.1
   Compiling regex v1.13.1
   Compiling ordered-float v4.6.0
   Compiling sketches-ddsketch v0.2.2
   Compiling tantivy-tokenizer-api v0.3.0
   Compiling rust-stemmers v1.2.0
   Compiling path-dedot v3.1.1
   Compiling filetime v0.2.29
   Compiling memmap2 v0.9.11
   Compiling num_cpus v1.17.0
   Compiling fallible-iterator v0.3.0
   Compiling htmlescape v0.3.1
   Compiling symlink v0.1.0
   Compiling levenshtein_automata v0.2.1
   Compiling fallible-streaming-iterator v0.1.9
   Compiling lz4_flex v0.11.6
   Compiling census v0.4.2
   Compiling unsafe-libyaml v0.2.11
   Compiling rustc-hash v1.1.0
   Compiling oneshot v0.1.13
   Compiling chrono v0.4.45
   Compiling tantivy v0.22.1
   Compiling serde_yaml v0.9.34+deprecated
   Compiling rusqlite v0.32.1
   Compiling tracing-appender v0.2.5
   Compiling notify v7.0.0
   Compiling path-absolutize v3.1.1
   Compiling turbovec v1.0.0
   Compiling reqwest v0.12.28
   Compiling directories v5.0.1
   Compiling tabled v0.21.0
   Compiling ctrlc v3.5.2
   Compiling shellexpand v3.1.2
   Compiling clap_complete v4.6.9
   Compiling toml v0.8.23
   Compiling console v0.15.11
   Compiling jsonpath_lib v0.3.0
   Compiling fs2 v0.4.3
   Compiling glob v0.3.4
   Compiling termcolor v1.4.1
   Compiling agentscribe v0.1.0 (/home/coding/AgentScribe)
warning: unused import: `turbovec::TurboQuantIndex`
  --> src/vector.rs:40:5
   |
40 | use turbovec::TurboQuantIndex;
   |     ^^^^^^^^^^^^^^^^^^^^^^^^^
   |
   = note: `#[warn(unused_imports)]` (part of `#[warn(unused)]`) on by default

warning: `agentscribe` (lib) generated 1 warning (run `cargo fix --lib -p agentscribe` to apply 1 suggestion)
    Finished `release` profile [optimized] target(s) in 2m 33s
warning: the following packages contain code that will be rejected by a future version of Rust: proc-macro-error2 v2.0.1
note: to see what the problems were, use the option `--future-incompat-report`, or run `cargo report future-incompatibilities --id 1`
